// Jest Snapshot v1, https://goo.gl/fbAQLP

exports[`<ReactTable/> should matches snapshot 1`] = `<Styled(ReactTable) />`;
