// Jest Snapshot v1, https://goo.gl/fbAQLP

exports[`<ProgressiveImage /> matches snapshot 1`] = `ShallowWrapper {}`;
