// Jest Snapshot v1, https://goo.gl/fbAQLP

exports[`<AppLoading /> AppLoadingWrapper matches snapshot 1`] = `ShallowWrapper {}`;
